kotlin version: 2.3.20
error message: org.jetbrains.kotlin.util.FileAnalysisException: Somewhere in file C:/Users/v2vv/AndroidStudioProjects/AppTrack/app/src/main/java/com/lvhonyua/apptrack/data/Models.kt: java.lang.IllegalStateException:                      Multiple plugins generated nested class with same name Companion for class com/lvhonyua/apptrack/data/LocationRecord:
                    public final companion object Companion : R|kotlin/Any| {
}

public final companion object Companion : R|kotlin/Any| {
}

	at org.jetbrains.kotlin.util.AnalysisExceptionsKt.wrapIntoFileAnalysisExceptionIfNeeded(AnalysisExceptions.kt:62)
	at org.jetbrains.kotlin.fir.FirCliExceptionHandler.handleExceptionOnFileAnalysis(Utils.kt:270)
	at org.jetbrains.kotlin.fir.resolve.transformers.plugin.FirCompanionGenerationTransformer.transformFile(FirCompanionGenerationProcessor.kt:113)
	at org.jetbrains.kotlin.fir.resolve.transformers.plugin.FirCompanionGenerationTransformer.transformFile(FirCompanionGenerationProcessor.kt:39)
	at org.jetbrains.kotlin.fir.declarations.FirFile.transform(FirFile.kt:47)
	at org.jetbrains.kotlin.fir.resolve.transformers.FirTransformerBasedResolveProcessor.processFile(FirResolveProcessor.kt:53)
	at org.jetbrains.kotlin.fir.resolve.transformers.FirTotalResolveProcessor.process(FirTotalResolveProcessor.kt:39)
	at org.jetbrains.kotlin.fir.pipeline.AnalyseKt.runResolution(analyse.kt:24)
	at org.jetbrains.kotlin.fir.pipeline.FirUtilsKt.resolveAndCheckFir(firUtils.kt:78)
	at org.jetbrains.kotlin.cli.pipeline.jvm.JvmFrontendPipelinePhase.executePhase(JvmFrontendPipelinePhase.kt:173)
	at org.jetbrains.kotlin.cli.pipeline.jvm.JvmFrontendPipelinePhase.executePhase(JvmFrontendPipelinePhase.kt:55)
	at org.jetbrains.kotlin.cli.pipeline.PipelinePhase.phaseBody(PipelinePhase.kt:68)
	at org.jetbrains.kotlin.cli.pipeline.PipelinePhase.phaseBody(PipelinePhase.kt:58)
	at org.jetbrains.kotlin.config.phaser.NamedCompilerPhase.invoke(CompilerPhase.kt:102)
	at org.jetbrains.kotlin.backend.common.phaser.CompositePhase.invoke(PhaseBuilders.kt:22)
	at org.jetbrains.kotlin.config.phaser.CompilerPhaseKt.invokeToplevel(CompilerPhase.kt:53)
	at org.jetbrains.kotlin.cli.pipeline.AbstractCliPipeline.runPhasedPipeline(AbstractCliPipeline.kt:109)
	at org.jetbrains.kotlin.cli.pipeline.AbstractCliPipeline.execute(AbstractCliPipeline.kt:68)
	at org.jetbrains.kotlin.cli.jvm.K2JVMCompiler.doExecutePhased(K2JVMCompiler.kt:51)
	at org.jetbrains.kotlin.cli.jvm.K2JVMCompiler.doExecutePhased(K2JVMCompiler.kt:42)
	at org.jetbrains.kotlin.cli.common.CLICompiler.execImpl(CLICompiler.kt:91)
	at org.jetbrains.kotlin.cli.common.CLICompiler.exec(CLICompiler.kt:363)
	at org.jetbrains.kotlin.incremental.IncrementalJvmCompilerRunnerBase.runCompiler(IncrementalJvmCompilerRunnerBase.kt:210)
	at org.jetbrains.kotlin.incremental.IncrementalJvmCompilerRunnerBase.runCompiler(IncrementalJvmCompilerRunnerBase.kt:52)
	at org.jetbrains.kotlin.incremental.IncrementalCompilerRunner.doCompile(IncrementalCompilerRunner.kt:510)
	at org.jetbrains.kotlin.incremental.IncrementalCompilerRunner.compileImpl(IncrementalCompilerRunner.kt:422)
	at org.jetbrains.kotlin.incremental.IncrementalCompilerRunner.compileNonIncrementally(IncrementalCompilerRunner.kt:304)
	at org.jetbrains.kotlin.incremental.IncrementalCompilerRunner.compile(IncrementalCompilerRunner.kt:131)
	at org.jetbrains.kotlin.daemon.CompileServiceImplBase.execIncrementalCompiler(CompileServiceImpl.kt:764)
	at org.jetbrains.kotlin.daemon.CompileServiceImplBase.access$execIncrementalCompiler(CompileServiceImpl.kt:107)
	at org.jetbrains.kotlin.daemon.CompileServiceImpl.compile(CompileServiceImpl.kt:2026)
	at java.base/jdk.internal.reflect.DirectMethodHandleAccessor.invoke(Unknown Source)
	at java.base/java.lang.reflect.Method.invoke(Unknown Source)
	at java.rmi/sun.rmi.server.UnicastServerRef.dispatch(Unknown Source)
	at java.rmi/sun.rmi.transport.Transport$1.run(Unknown Source)
	at java.rmi/sun.rmi.transport.Transport$1.run(Unknown Source)
	at java.base/java.security.AccessController.doPrivileged(Unknown Source)
	at java.rmi/sun.rmi.transport.Transport.serviceCall(Unknown Source)
	at java.rmi/sun.rmi.transport.tcp.TCPTransport.handleMessages(Unknown Source)
	at java.rmi/sun.rmi.transport.tcp.TCPTransport$ConnectionHandler.run0(Unknown Source)
	at java.rmi/sun.rmi.transport.tcp.TCPTransport$ConnectionHandler.lambda$run$0(Unknown Source)
	at java.base/java.security.AccessController.doPrivileged(Unknown Source)
	at java.rmi/sun.rmi.transport.tcp.TCPTransport$ConnectionHandler.run(Unknown Source)
	at java.base/java.util.concurrent.ThreadPoolExecutor.runWorker(Unknown Source)
	at java.base/java.util.concurrent.ThreadPoolExecutor$Worker.run(Unknown Source)
	at java.base/java.lang.Thread.run(Unknown Source)
Caused by: java.lang.IllegalStateException:                      Multiple plugins generated nested class with same name Companion for class com/lvhonyua/apptrack/data/LocationRecord:
                    public final companion object Companion : R|kotlin/Any| {
}

public final companion object Companion : R|kotlin/Any| {
}

	at org.jetbrains.kotlin.fir.scopes.impl.FirGeneratedMemberDeclarationsStorage$ClassifierStorage.generateNestedClassifier(FirGeneratedScopes.kt:268)
	at org.jetbrains.kotlin.fir.scopes.impl.FirGeneratedMemberDeclarationsStorage$ClassifierStorage.access$generateNestedClassifier(FirGeneratedScopes.kt:230)
	at org.jetbrains.kotlin.fir.scopes.impl.FirGeneratedMemberDeclarationsStorage$ClassifierStorage$special$$inlined$createCache$1.invoke(FirCachesFactory.kt:157)
	at org.jetbrains.kotlin.fir.scopes.impl.FirGeneratedMemberDeclarationsStorage$ClassifierStorage$special$$inlined$createCache$1.invoke(FirCachesFactory.kt:141)
	at org.jetbrains.kotlin.fir.caches.FirThreadUnsafeCache.getValue(FirThreadUnsafeCachesFactory.kt:53)
	at org.jetbrains.kotlin.fir.scopes.impl.FirGeneratedClassNestedClassifierScope.getNestedClassSymbol(FirGeneratedScopes.kt:298)
	at org.jetbrains.kotlin.fir.scopes.impl.FirGeneratedClassNestedClassifierScope.getNestedClassSymbol(FirGeneratedScopes.kt:105)
	at org.jetbrains.kotlin.fir.scopes.impl.FirNestedClassifierScope.processClassifiersByNameWithSubstitution(FirNestedClassifierScope.kt:38)
	at org.jetbrains.kotlin.fir.scopes.impl.FirCompositeNestedClassifierScope.processClassifiersByNameWithSubstitution(FirNestedClassifierScope.kt:109)
	at org.jetbrains.kotlin.fir.extensions.FirExtensionDeclarationsSymbolProvider.generateClassLikeDeclaration(FirExtensionDeclarationsSymbolProvider.kt:245)
	at org.jetbrains.kotlin.fir.extensions.FirExtensionDeclarationsSymbolProvider.access$generateClassLikeDeclaration(FirExtensionDeclarationsSymbolProvider.kt:29)
	at org.jetbrains.kotlin.fir.extensions.FirExtensionDeclarationsSymbolProvider$classCache$1.invoke(FirExtensionDeclarationsSymbolProvider.kt:46)
	at org.jetbrains.kotlin.fir.extensions.FirExtensionDeclarationsSymbolProvider$classCache$1.invoke(FirExtensionDeclarationsSymbolProvider.kt:45)
	at org.jetbrains.kotlin.fir.caches.FirThreadUnsafeCache.getValue(FirThreadUnsafeCachesFactory.kt:53)
	at org.jetbrains.kotlin.fir.extensions.FirExtensionDeclarationsSymbolProvider.getClassLikeSymbolByClassId(FirExtensionDeclarationsSymbolProvider.kt:280)
	at org.jetbrains.kotlin.fir.extensions.FirSwitchableExtensionDeclarationsSymbolProvider.getClassLikeSymbolByClassId(FirSwitchableExtensionDeclarationsSymbolProvider.kt:62)
	at org.jetbrains.kotlin.fir.resolve.transformers.plugin.FirCompanionGenerationTransformer.generateCompanion(FirCompanionGenerationProcessor.kt:80)
	at org.jetbrains.kotlin.fir.resolve.transformers.plugin.FirCompanionGenerationTransformer.generateAndUpdateCompanion(FirCompanionGenerationProcessor.kt:61)
	at org.jetbrains.kotlin.fir.resolve.transformers.plugin.FirCompanionGenerationTransformer.transformRegularClass(FirCompanionGenerationProcessor.kt:56)
	at org.jetbrains.kotlin.fir.resolve.transformers.plugin.FirCompanionGenerationTransformer.transformRegularClass(FirCompanionGenerationProcessor.kt:39)
	at org.jetbrains.kotlin.fir.declarations.FirRegularClass.transform(FirRegularClass.kt:70)
	at org.jetbrains.kotlin.fir.visitors.FirTransformerUtilKt.transformInplace(FirTransformerUtil.kt:20)
	at org.jetbrains.kotlin.fir.declarations.impl.FirFileImpl.transformDeclarations(FirFileImpl.kt:83)
	at org.jetbrains.kotlin.fir.declarations.impl.FirFileImpl.transformDeclarations(FirFileImpl.kt:29)
	at org.jetbrains.kotlin.fir.resolve.transformers.plugin.FirCompanionGenerationTransformer.transformFile(FirCompanionGenerationProcessor.kt:51)
	... 43 more


error message: org.jetbrains.kotlin.util.FileAnalysisException: Somewhere in file C:/Users/v2vv/AndroidStudioProjects/AppTrack/app/src/main/java/com/lvhonyua/apptrack/data/Models.kt: java.lang.IllegalStateException:                      Multiple plugins generated nested class with same name Companion for class com/lvhonyua/apptrack/data/LocationRecord:
                    public final companion object Companion : R|kotlin/Any| {
}

public final companion object Companion : R|kotlin/Any| {
}

	at org.jetbrains.kotlin.util.AnalysisExceptionsKt.wrapIntoFileAnalysisExceptionIfNeeded(AnalysisExceptions.kt:62)
	at org.jetbrains.kotlin.fir.FirCliExceptionHandler.handleExceptionOnFileAnalysis(Utils.kt:270)
	at org.jetbrains.kotlin.fir.resolve.transformers.plugin.FirCompanionGenerationTransformer.transformFile(FirCompanionGenerationProcessor.kt:113)
	at org.jetbrains.kotlin.fir.resolve.transformers.plugin.FirCompanionGenerationTransformer.transformFile(FirCompanionGenerationProcessor.kt:39)
	at org.jetbrains.kotlin.fir.declarations.FirFile.transform(FirFile.kt:47)
	at org.jetbrains.kotlin.fir.resolve.transformers.FirTransformerBasedResolveProcessor.processFile(FirResolveProcessor.kt:53)
	at org.jetbrains.kotlin.fir.resolve.transformers.FirTotalResolveProcessor.process(FirTotalResolveProcessor.kt:39)
	at org.jetbrains.kotlin.fir.pipeline.AnalyseKt.runResolution(analyse.kt:24)
	at org.jetbrains.kotlin.fir.pipeline.FirUtilsKt.resolveAndCheckFir(firUtils.kt:78)
	at org.jetbrains.kotlin.cli.pipeline.jvm.JvmFrontendPipelinePhase.executePhase(JvmFrontendPipelinePhase.kt:173)
	at org.jetbrains.kotlin.cli.pipeline.jvm.JvmFrontendPipelinePhase.executePhase(JvmFrontendPipelinePhase.kt:55)
	at org.jetbrains.kotlin.cli.pipeline.PipelinePhase.phaseBody(PipelinePhase.kt:68)
	at org.jetbrains.kotlin.cli.pipeline.PipelinePhase.phaseBody(PipelinePhase.kt:58)
	at org.jetbrains.kotlin.config.phaser.NamedCompilerPhase.invoke(CompilerPhase.kt:102)
	at org.jetbrains.kotlin.backend.common.phaser.CompositePhase.invoke(PhaseBuilders.kt:22)
	at org.jetbrains.kotlin.config.phaser.CompilerPhaseKt.invokeToplevel(CompilerPhase.kt:53)
	at org.jetbrains.kotlin.cli.pipeline.AbstractCliPipeline.runPhasedPipeline(AbstractCliPipeline.kt:109)
	at org.jetbrains.kotlin.cli.pipeline.AbstractCliPipeline.execute(AbstractCliPipeline.kt:68)
	at org.jetbrains.kotlin.cli.jvm.K2JVMCompiler.doExecutePhased(K2JVMCompiler.kt:51)
	at org.jetbrains.kotlin.cli.jvm.K2JVMCompiler.doExecutePhased(K2JVMCompiler.kt:42)
	at org.jetbrains.kotlin.cli.common.CLICompiler.execImpl(CLICompiler.kt:91)
	at org.jetbrains.kotlin.cli.common.CLICompiler.exec(CLICompiler.kt:363)
	at org.jetbrains.kotlin.incremental.IncrementalJvmCompilerRunnerBase.runCompiler(IncrementalJvmCompilerRunnerBase.kt:210)
	at org.jetbrains.kotlin.incremental.IncrementalJvmCompilerRunnerBase.runCompiler(IncrementalJvmCompilerRunnerBase.kt:52)
	at org.jetbrains.kotlin.incremental.IncrementalCompilerRunner.doCompile(IncrementalCompilerRunner.kt:510)
	at org.jetbrains.kotlin.incremental.IncrementalCompilerRunner.compileImpl(IncrementalCompilerRunner.kt:422)
	at org.jetbrains.kotlin.incremental.IncrementalCompilerRunner.compileNonIncrementally(IncrementalCompilerRunner.kt:304)
	at org.jetbrains.kotlin.incremental.IncrementalCompilerRunner.compile(IncrementalCompilerRunner.kt:131)
	at org.jetbrains.kotlin.buildtools.internal.jvm.operations.JvmCompilationOperationImpl.compileInProcess(JvmCompilationOperationImpl.kt:423)
	at org.jetbrains.kotlin.buildtools.internal.jvm.operations.JvmCompilationOperationImpl.compileInProcess(JvmCompilationOperationImpl.kt:337)
	at org.jetbrains.kotlin.buildtools.internal.jvm.operations.JvmCompilationOperationImpl.executeCancellableImpl(JvmCompilationOperationImpl.kt:149)
	at org.jetbrains.kotlin.buildtools.internal.jvm.operations.JvmCompilationOperationImpl.executeCancellableImpl(JvmCompilationOperationImpl.kt:69)
	at org.jetbrains.kotlin.buildtools.internal.CancellableBuildOperationImpl.executeImpl(CancellableBuildOperationImpl.kt:58)
	at org.jetbrains.kotlin.buildtools.internal.BuildOperationImpl.execute(BuildOperationImpl.kt:34)
	at org.jetbrains.kotlin.buildtools.internal.KotlinToolchainsImpl$BuildSessionImpl.executeOperation$lambda$1(KotlinToolchainsImpl.kt:70)
	at java.base/java.util.concurrent.FutureTask.run(Unknown Source)
	at java.base/java.util.concurrent.ThreadPoolExecutor.runWorker(Unknown Source)
	at java.base/java.util.concurrent.ThreadPoolExecutor$Worker.run(Unknown Source)
	at java.base/java.lang.Thread.run(Unknown Source)
Caused by: java.lang.IllegalStateException:                      Multiple plugins generated nested class with same name Companion for class com/lvhonyua/apptrack/data/LocationRecord:
                    public final companion object Companion : R|kotlin/Any| {
}

public final companion object Companion : R|kotlin/Any| {
}

	at org.jetbrains.kotlin.fir.scopes.impl.FirGeneratedMemberDeclarationsStorage$ClassifierStorage.generateNestedClassifier(FirGeneratedScopes.kt:268)
	at org.jetbrains.kotlin.fir.scopes.impl.FirGeneratedMemberDeclarationsStorage$ClassifierStorage.access$generateNestedClassifier(FirGeneratedScopes.kt:230)
	at org.jetbrains.kotlin.fir.scopes.impl.FirGeneratedMemberDeclarationsStorage$ClassifierStorage$special$$inlined$createCache$1.invoke(FirCachesFactory.kt:157)
	at org.jetbrains.kotlin.fir.scopes.impl.FirGeneratedMemberDeclarationsStorage$ClassifierStorage$special$$inlined$createCache$1.invoke(FirCachesFactory.kt:141)
	at org.jetbrains.kotlin.fir.caches.FirThreadUnsafeCache.getValue(FirThreadUnsafeCachesFactory.kt:53)
	at org.jetbrains.kotlin.fir.scopes.impl.FirGeneratedClassNestedClassifierScope.getNestedClassSymbol(FirGeneratedScopes.kt:298)
	at org.jetbrains.kotlin.fir.scopes.impl.FirGeneratedClassNestedClassifierScope.getNestedClassSymbol(FirGeneratedScopes.kt:105)
	at org.jetbrains.kotlin.fir.scopes.impl.FirNestedClassifierScope.processClassifiersByNameWithSubstitution(FirNestedClassifierScope.kt:38)
	at org.jetbrains.kotlin.fir.scopes.impl.FirCompositeNestedClassifierScope.processClassifiersByNameWithSubstitution(FirNestedClassifierScope.kt:109)
	at org.jetbrains.kotlin.fir.extensions.FirExtensionDeclarationsSymbolProvider.generateClassLikeDeclaration(FirExtensionDeclarationsSymbolProvider.kt:245)
	at org.jetbrains.kotlin.fir.extensions.FirExtensionDeclarationsSymbolProvider.access$generateClassLikeDeclaration(FirExtensionDeclarationsSymbolProvider.kt:29)
	at org.jetbrains.kotlin.fir.extensions.FirExtensionDeclarationsSymbolProvider$classCache$1.invoke(FirExtensionDeclarationsSymbolProvider.kt:46)
	at org.jetbrains.kotlin.fir.extensions.FirExtensionDeclarationsSymbolProvider$classCache$1.invoke(FirExtensionDeclarationsSymbolProvider.kt:45)
	at org.jetbrains.kotlin.fir.caches.FirThreadUnsafeCache.getValue(FirThreadUnsafeCachesFactory.kt:53)
	at org.jetbrains.kotlin.fir.extensions.FirExtensionDeclarationsSymbolProvider.getClassLikeSymbolByClassId(FirExtensionDeclarationsSymbolProvider.kt:280)
	at org.jetbrains.kotlin.fir.extensions.FirSwitchableExtensionDeclarationsSymbolProvider.getClassLikeSymbolByClassId(FirSwitchableExtensionDeclarationsSymbolProvider.kt:62)
	at org.jetbrains.kotlin.fir.resolve.transformers.plugin.FirCompanionGenerationTransformer.generateCompanion(FirCompanionGenerationProcessor.kt:80)
	at org.jetbrains.kotlin.fir.resolve.transformers.plugin.FirCompanionGenerationTransformer.generateAndUpdateCompanion(FirCompanionGenerationProcessor.kt:61)
	at org.jetbrains.kotlin.fir.resolve.transformers.plugin.FirCompanionGenerationTransformer.transformRegularClass(FirCompanionGenerationProcessor.kt:56)
	at org.jetbrains.kotlin.fir.resolve.transformers.plugin.FirCompanionGenerationTransformer.transformRegularClass(FirCompanionGenerationProcessor.kt:39)
	at org.jetbrains.kotlin.fir.declarations.FirRegularClass.transform(FirRegularClass.kt:70)
	at org.jetbrains.kotlin.fir.visitors.FirTransformerUtilKt.transformInplace(FirTransformerUtil.kt:20)
	at org.jetbrains.kotlin.fir.declarations.impl.FirFileImpl.transformDeclarations(FirFileImpl.kt:83)
	at org.jetbrains.kotlin.fir.declarations.impl.FirFileImpl.transformDeclarations(FirFileImpl.kt:29)
	at org.jetbrains.kotlin.fir.resolve.transformers.plugin.FirCompanionGenerationTransformer.transformFile(FirCompanionGenerationProcessor.kt:51)
	... 36 more


